// Jest Snapshot v1, https://goo.gl/fbAQLP

exports[`renders elements 1`] = `null`;
